[2026-03-09T20:45:50.614+0000][gc] Using G1
[2026-03-09T20:45:50.636+0000][gc,init] Version: 17.0.18+8-Ubuntu-124.04.1 (release)
[2026-03-09T20:45:50.636+0000][gc,init] CPUs: 16 total, 16 available
[2026-03-09T20:45:50.636+0000][gc,init] Memory: 7578M
[2026-03-09T20:45:50.636+0000][gc,init] Large Page Support: Disabled
[2026-03-09T20:45:50.636+0000][gc,init] NUMA Support: Disabled
[2026-03-09T20:45:50.636+0000][gc,init] Compressed Oops: Enabled (32-bit)
[2026-03-09T20:45:50.636+0000][gc,init] Heap Region Size: 1M
[2026-03-09T20:45:50.636+0000][gc,init] Heap Min Capacity: 1G
[2026-03-09T20:45:50.636+0000][gc,init] Heap Initial Capacity: 1G
[2026-03-09T20:45:50.636+0000][gc,init] Heap Max Capacity: 1G
[2026-03-09T20:45:50.636+0000][gc,init] Pre-touch: Disabled
[2026-03-09T20:45:50.636+0000][gc,init] Parallel Workers: 13
[2026-03-09T20:45:50.636+0000][gc,init] Concurrent Workers: 3
[2026-03-09T20:45:50.636+0000][gc,init] Concurrent Refinement Workers: 13
[2026-03-09T20:45:50.636+0000][gc,init] Periodic GC: Disabled
[2026-03-09T20:45:50.649+0000][gc,metaspace] CDS archive(s) mapped at: [0x00007d97af000000-0x00007d97afbca000-0x00007d97afbca000), size 12361728, SharedBaseAddress: 0x00007d97af000000, ArchiveRelocationMode: 1.
[2026-03-09T20:45:50.649+0000][gc,metaspace] Compressed class space mapped at: 0x00007d97b0000000-0x00007d97f0000000, reserved size: 1073741824
[2026-03-09T20:45:50.649+0000][gc,metaspace] Narrow klass base: 0x00007d97af000000, Narrow klass shift: 0, Narrow klass range: 0x100000000
[2026-03-09T20:45:52.136+0000][gc,start    ] GC(0) Pause Young (Normal) (G1 Evacuation Pause)
[2026-03-09T20:45:52.139+0000][gc,task     ] GC(0) Using 13 workers of 13 for evacuation
[2026-03-09T20:45:52.146+0000][gc,phases   ] GC(0)   Pre Evacuate Collection Set: 0.23ms
[2026-03-09T20:45:52.146+0000][gc,phases   ] GC(0)   Merge Heap Roots: 0.30ms
[2026-03-09T20:45:52.146+0000][gc,phases   ] GC(0)   Evacuate Collection Set: 5.23ms
[2026-03-09T20:45:52.146+0000][gc,phases   ] GC(0)   Post Evacuate Collection Set: 0.81ms
[2026-03-09T20:45:52.146+0000][gc,phases   ] GC(0)   Other: 3.06ms
[2026-03-09T20:45:52.146+0000][gc,heap     ] GC(0) Eden regions: 51->0(44)
[2026-03-09T20:45:52.146+0000][gc,heap     ] GC(0) Survivor regions: 0->7(7)
[2026-03-09T20:45:52.146+0000][gc,heap     ] GC(0) Old regions: 0->1
[2026-03-09T20:45:52.146+0000][gc,heap     ] GC(0) Archive regions: 2->2
[2026-03-09T20:45:52.146+0000][gc,heap     ] GC(0) Humongous regions: 0->0
[2026-03-09T20:45:52.146+0000][gc,metaspace] GC(0) Metaspace: 18025K(18240K)->18025K(18240K) NonClass: 15908K(16000K)->15908K(16000K) Class: 2117K(2240K)->2117K(2240K)
[2026-03-09T20:45:52.146+0000][gc          ] GC(0) Pause Young (Normal) (G1 Evacuation Pause) 51M->8M(1024M) 9.767ms
[2026-03-09T20:45:52.146+0000][gc,cpu      ] GC(0) User=0.03s Sys=0.04s Real=0.02s
[2026-03-09T20:45:52.693+0000][gc,start    ] GC(1) Pause Young (Concurrent Start) (Metadata GC Threshold)
[2026-03-09T20:45:52.693+0000][gc,task     ] GC(1) Using 13 workers of 13 for evacuation
[2026-03-09T20:45:52.707+0000][gc,phases   ] GC(1)   Pre Evacuate Collection Set: 0.26ms
[2026-03-09T20:45:52.707+0000][gc,phases   ] GC(1)   Merge Heap Roots: 0.23ms
[2026-03-09T20:45:52.707+0000][gc,phases   ] GC(1)   Evacuate Collection Set: 11.20ms
[2026-03-09T20:45:52.707+0000][gc,phases   ] GC(1)   Post Evacuate Collection Set: 1.39ms
[2026-03-09T20:45:52.707+0000][gc,phases   ] GC(1)   Other: 0.74ms
[2026-03-09T20:45:52.707+0000][gc,heap     ] GC(1) Eden regions: 14->0(49)
[2026-03-09T20:45:52.707+0000][gc,heap     ] GC(1) Survivor regions: 7->2(7)
[2026-03-09T20:45:52.707+0000][gc,heap     ] GC(1) Old regions: 1->8
[2026-03-09T20:45:52.707+0000][gc,heap     ] GC(1) Archive regions: 2->2
[2026-03-09T20:45:52.707+0000][gc,heap     ] GC(1) Humongous regions: 129->129
[2026-03-09T20:45:52.707+0000][gc,metaspace] GC(1) Metaspace: 21322K(21504K)->21322K(21504K) NonClass: 18781K(18880K)->18781K(18880K) Class: 2540K(2624K)->2540K(2624K)
[2026-03-09T20:45:52.707+0000][gc          ] GC(1) Pause Young (Concurrent Start) (Metadata GC Threshold) 151M->138M(1024M) 14.064ms
[2026-03-09T20:45:52.708+0000][gc,cpu      ] GC(1) User=0.02s Sys=0.09s Real=0.02s
[2026-03-09T20:45:52.708+0000][gc          ] GC(2) Concurrent Mark Cycle
[2026-03-09T20:45:52.708+0000][gc,marking  ] GC(2) Concurrent Clear Claimed Marks
[2026-03-09T20:45:52.708+0000][gc,marking  ] GC(2) Concurrent Clear Claimed Marks 0.077ms
[2026-03-09T20:45:52.708+0000][gc,marking  ] GC(2) Concurrent Scan Root Regions
[2026-03-09T20:45:52.712+0000][gc,marking  ] GC(2) Concurrent Scan Root Regions 3.797ms
[2026-03-09T20:45:52.712+0000][gc,marking  ] GC(2) Concurrent Mark
[2026-03-09T20:45:52.712+0000][gc,marking  ] GC(2) Concurrent Mark From Roots
[2026-03-09T20:45:52.712+0000][gc,task     ] GC(2) Using 3 workers of 3 for marking
[2026-03-09T20:45:52.715+0000][gc,marking  ] GC(2) Concurrent Mark From Roots 2.880ms
[2026-03-09T20:45:52.715+0000][gc,marking  ] GC(2) Concurrent Preclean
[2026-03-09T20:45:52.715+0000][gc,marking  ] GC(2) Concurrent Preclean 0.278ms
[2026-03-09T20:45:52.716+0000][gc,start    ] GC(2) Pause Remark
[2026-03-09T20:45:52.720+0000][gc          ] GC(2) Pause Remark 139M->139M(1024M) 4.953ms
[2026-03-09T20:45:52.721+0000][gc,cpu      ] GC(2) User=0.01s Sys=0.01s Real=0.01s
[2026-03-09T20:45:52.721+0000][gc,marking  ] GC(2) Concurrent Mark 8.960ms
[2026-03-09T20:45:52.721+0000][gc,marking  ] GC(2) Concurrent Rebuild Remembered Sets
[2026-03-09T20:45:52.722+0000][gc,marking  ] GC(2) Concurrent Rebuild Remembered Sets 1.749ms
[2026-03-09T20:45:52.723+0000][gc,start    ] GC(2) Pause Cleanup
[2026-03-09T20:45:52.723+0000][gc          ] GC(2) Pause Cleanup 139M->139M(1024M) 0.437ms
[2026-03-09T20:45:52.723+0000][gc,cpu      ] GC(2) User=0.00s Sys=0.00s Real=0.00s
[2026-03-09T20:45:52.723+0000][gc,marking  ] GC(2) Concurrent Cleanup for Next Mark
[2026-03-09T20:45:52.737+0000][gc,marking  ] GC(2) Concurrent Cleanup for Next Mark 13.753ms
[2026-03-09T20:45:52.737+0000][gc          ] GC(2) Concurrent Mark Cycle 29.641ms
[2026-03-09T20:45:53.553+0000][gc,start    ] GC(3) Pause Young (Normal) (G1 Evacuation Pause)
[2026-03-09T20:45:53.553+0000][gc,task     ] GC(3) Using 13 workers of 13 for evacuation
[2026-03-09T20:45:53.557+0000][gc,phases   ] GC(3)   Pre Evacuate Collection Set: 0.37ms
[2026-03-09T20:45:53.557+0000][gc,phases   ] GC(3)   Merge Heap Roots: 0.27ms
[2026-03-09T20:45:53.557+0000][gc,phases   ] GC(3)   Evacuate Collection Set: 2.15ms
[2026-03-09T20:45:53.557+0000][gc,phases   ] GC(3)   Post Evacuate Collection Set: 1.00ms
[2026-03-09T20:45:53.557+0000][gc,phases   ] GC(3)   Other: 0.27ms
[2026-03-09T20:45:53.557+0000][gc,heap     ] GC(3) Eden regions: 49->0(44)
[2026-03-09T20:45:53.557+0000][gc,heap     ] GC(3) Survivor regions: 2->7(7)
[2026-03-09T20:45:53.557+0000][gc,heap     ] GC(3) Old regions: 8->8
[2026-03-09T20:45:53.557+0000][gc,heap     ] GC(3) Archive regions: 2->2
[2026-03-09T20:45:53.557+0000][gc,heap     ] GC(3) Humongous regions: 129->129
[2026-03-09T20:45:53.557+0000][gc,metaspace] GC(3) Metaspace: 32373K(32576K)->32373K(32576K) NonClass: 28806K(28928K)->28806K(28928K) Class: 3566K(3648K)->3566K(3648K)
[2026-03-09T20:45:53.557+0000][gc          ] GC(3) Pause Young (Normal) (G1 Evacuation Pause) 187M->143M(1024M) 4.157ms
[2026-03-09T20:45:53.557+0000][gc,cpu      ] GC(3) User=0.02s Sys=0.01s Real=0.00s
[2026-03-09T20:46:13.125+0000][gc,start    ] GC(4) Pause Young (Concurrent Start) (Metadata GC Threshold)
[2026-03-09T20:46:13.125+0000][gc,task     ] GC(4) Using 13 workers of 13 for evacuation
[2026-03-09T20:46:13.132+0000][gc,phases   ] GC(4)   Pre Evacuate Collection Set: 0.29ms
[2026-03-09T20:46:13.132+0000][gc,phases   ] GC(4)   Merge Heap Roots: 0.19ms
[2026-03-09T20:46:13.132+0000][gc,phases   ] GC(4)   Evacuate Collection Set: 5.12ms
[2026-03-09T20:46:13.132+0000][gc,phases   ] GC(4)   Post Evacuate Collection Set: 0.94ms
[2026-03-09T20:46:13.132+0000][gc,phases   ] GC(4)   Other: 0.22ms
[2026-03-09T20:46:13.132+0000][gc,heap     ] GC(4) Eden regions: 17->0(49)
[2026-03-09T20:46:13.132+0000][gc,heap     ] GC(4) Survivor regions: 7->2(7)
[2026-03-09T20:46:13.132+0000][gc,heap     ] GC(4) Old regions: 8->14
[2026-03-09T20:46:13.132+0000][gc,heap     ] GC(4) Archive regions: 2->2
[2026-03-09T20:46:13.132+0000][gc,heap     ] GC(4) Humongous regions: 129->129
[2026-03-09T20:46:13.132+0000][gc,metaspace] GC(4) Metaspace: 35788K(36096K)->35788K(36096K) NonClass: 31600K(31744K)->31600K(31744K) Class: 4187K(4352K)->4187K(4352K)
[2026-03-09T20:46:13.132+0000][gc          ] GC(4) Pause Young (Concurrent Start) (Metadata GC Threshold) 160M->144M(1024M) 6.886ms
[2026-03-09T20:46:13.132+0000][gc,cpu      ] GC(4) User=0.03s Sys=0.03s Real=0.00s
[2026-03-09T20:46:13.132+0000][gc          ] GC(5) Concurrent Mark Cycle
[2026-03-09T20:46:13.132+0000][gc,marking  ] GC(5) Concurrent Clear Claimed Marks
[2026-03-09T20:46:13.132+0000][gc,marking  ] GC(5) Concurrent Clear Claimed Marks 0.032ms
[2026-03-09T20:46:13.132+0000][gc,marking  ] GC(5) Concurrent Scan Root Regions
[2026-03-09T20:46:13.134+0000][gc,marking  ] GC(5) Concurrent Scan Root Regions 1.902ms
[2026-03-09T20:46:13.134+0000][gc,marking  ] GC(5) Concurrent Mark
[2026-03-09T20:46:13.134+0000][gc,marking  ] GC(5) Concurrent Mark From Roots
[2026-03-09T20:46:13.134+0000][gc,task     ] GC(5) Using 3 workers of 3 for marking
[2026-03-09T20:46:13.138+0000][gc,marking  ] GC(5) Concurrent Mark From Roots 3.644ms
[2026-03-09T20:46:13.138+0000][gc,marking  ] GC(5) Concurrent Preclean
[2026-03-09T20:46:13.138+0000][gc,marking  ] GC(5) Concurrent Preclean 0.192ms
[2026-03-09T20:46:13.138+0000][gc,start    ] GC(5) Pause Remark
[2026-03-09T20:46:13.141+0000][gc          ] GC(5) Pause Remark 144M->144M(1024M) 2.274ms
[2026-03-09T20:46:13.141+0000][gc,cpu      ] GC(5) User=0.01s Sys=0.00s Real=0.00s
[2026-03-09T20:46:13.141+0000][gc,marking  ] GC(5) Concurrent Mark 6.645ms
[2026-03-09T20:46:13.141+0000][gc,marking  ] GC(5) Concurrent Rebuild Remembered Sets
[2026-03-09T20:46:13.144+0000][gc,marking  ] GC(5) Concurrent Rebuild Remembered Sets 3.388ms
[2026-03-09T20:46:13.147+0000][gc,start    ] GC(5) Pause Cleanup
[2026-03-09T20:46:13.147+0000][gc          ] GC(5) Pause Cleanup 145M->145M(1024M) 0.322ms
[2026-03-09T20:46:13.147+0000][gc,cpu      ] GC(5) User=0.00s Sys=0.00s Real=0.00s
[2026-03-09T20:46:13.147+0000][gc,marking  ] GC(5) Concurrent Cleanup for Next Mark
[2026-03-09T20:46:13.155+0000][gc,marking  ] GC(5) Concurrent Cleanup for Next Mark 8.328ms
[2026-03-09T20:46:13.155+0000][gc          ] GC(5) Concurrent Mark Cycle 23.254ms
[2026-03-09T22:50:09.543+0000][gc,start    ] GC(6) Pause Young (Normal) (G1 Evacuation Pause)
[2026-03-09T22:50:09.550+0000][gc,task     ] GC(6) Using 13 workers of 13 for evacuation
[2026-03-09T22:50:09.583+0000][gc,mmu      ] GC(6) MMU target violated: 21.0ms (20.0ms/21.0ms)
[2026-03-09T22:50:09.583+0000][gc,phases   ] GC(6)   Pre Evacuate Collection Set: 5.90ms
[2026-03-09T22:50:09.583+0000][gc,phases   ] GC(6)   Merge Heap Roots: 1.61ms
[2026-03-09T22:50:09.583+0000][gc,phases   ] GC(6)   Evacuate Collection Set: 20.44ms
[2026-03-09T22:50:09.583+0000][gc,phases   ] GC(6)   Post Evacuate Collection Set: 3.78ms
[2026-03-09T22:50:09.583+0000][gc,phases   ] GC(6)   Other: 9.06ms
[2026-03-09T22:50:09.583+0000][gc,heap     ] GC(6) Eden regions: 49->0(49)
[2026-03-09T22:50:09.583+0000][gc,heap     ] GC(6) Survivor regions: 2->2(7)
[2026-03-09T22:50:09.583+0000][gc,heap     ] GC(6) Old regions: 14->14
[2026-03-09T22:50:09.583+0000][gc,heap     ] GC(6) Archive regions: 2->2
[2026-03-09T22:50:09.583+0000][gc,heap     ] GC(6) Humongous regions: 129->129
[2026-03-09T22:50:09.583+0000][gc,metaspace] GC(6) Metaspace: 38261K(38720K)->38261K(38720K) NonClass: 33745K(34048K)->33745K(34048K) Class: 4515K(4672K)->4515K(4672K)
[2026-03-09T22:50:09.584+0000][gc          ] GC(6) Pause Young (Normal) (G1 Evacuation Pause) 193M->144M(1024M) 40.937ms
[2026-03-09T22:50:09.584+0000][gc,cpu      ] GC(6) User=0.34s Sys=0.00s Real=0.04s
[2026-03-09T23:39:16.784+0000][gc,heap,exit] Heap
[2026-03-09T23:39:16.785+0000][gc,heap,exit]  garbage-first heap   total 1048576K, used 192791K [0x00000000c0000000, 0x0000000100000000)
[2026-03-09T23:39:16.785+0000][gc,heap,exit]   region size 1024K, 46 young (47104K), 2 survivors (2048K)
[2026-03-09T23:39:16.785+0000][gc,heap,exit]  Metaspace       used 39109K, committed 39552K, reserved 1114112K
[2026-03-09T23:39:16.785+0000][gc,heap,exit]   class space    used 4680K, committed 4864K, reserved 1048576K
