[2026-03-12T09:35:38.778+0000][gc] Using G1
[2026-03-12T09:35:38.803+0000][gc,init] Version: 17.0.18+8-Ubuntu-124.04.1 (release)
[2026-03-12T09:35:38.803+0000][gc,init] CPUs: 16 total, 16 available
[2026-03-12T09:35:38.803+0000][gc,init] Memory: 7578M
[2026-03-12T09:35:38.803+0000][gc,init] Large Page Support: Disabled
[2026-03-12T09:35:38.803+0000][gc,init] NUMA Support: Disabled
[2026-03-12T09:35:38.803+0000][gc,init] Compressed Oops: Enabled (32-bit)
[2026-03-12T09:35:38.803+0000][gc,init] Heap Region Size: 1M
[2026-03-12T09:35:38.803+0000][gc,init] Heap Min Capacity: 1G
[2026-03-12T09:35:38.803+0000][gc,init] Heap Initial Capacity: 1G
[2026-03-12T09:35:38.803+0000][gc,init] Heap Max Capacity: 1G
[2026-03-12T09:35:38.803+0000][gc,init] Pre-touch: Disabled
[2026-03-12T09:35:38.803+0000][gc,init] Parallel Workers: 13
[2026-03-12T09:35:38.803+0000][gc,init] Concurrent Workers: 3
[2026-03-12T09:35:38.803+0000][gc,init] Concurrent Refinement Workers: 13
[2026-03-12T09:35:38.803+0000][gc,init] Periodic GC: Disabled
[2026-03-12T09:35:38.819+0000][gc,metaspace] CDS archive(s) mapped at: [0x00007ead3b000000-0x00007ead3bbca000-0x00007ead3bbca000), size 12361728, SharedBaseAddress: 0x00007ead3b000000, ArchiveRelocationMode: 1.
[2026-03-12T09:35:38.819+0000][gc,metaspace] Compressed class space mapped at: 0x00007ead3c000000-0x00007ead7c000000, reserved size: 1073741824
[2026-03-12T09:35:38.819+0000][gc,metaspace] Narrow klass base: 0x00007ead3b000000, Narrow klass shift: 0, Narrow klass range: 0x100000000
[2026-03-12T09:35:40.618+0000][gc,start    ] GC(0) Pause Young (Normal) (G1 Evacuation Pause)
[2026-03-12T09:35:40.621+0000][gc,task     ] GC(0) Using 13 workers of 13 for evacuation
[2026-03-12T09:35:40.629+0000][gc,phases   ] GC(0)   Pre Evacuate Collection Set: 0.24ms
[2026-03-12T09:35:40.629+0000][gc,phases   ] GC(0)   Merge Heap Roots: 0.24ms
[2026-03-12T09:35:40.629+0000][gc,phases   ] GC(0)   Evacuate Collection Set: 5.83ms
[2026-03-12T09:35:40.629+0000][gc,phases   ] GC(0)   Post Evacuate Collection Set: 1.14ms
[2026-03-12T09:35:40.629+0000][gc,phases   ] GC(0)   Other: 3.07ms
[2026-03-12T09:35:40.629+0000][gc,heap     ] GC(0) Eden regions: 51->0(44)
[2026-03-12T09:35:40.629+0000][gc,heap     ] GC(0) Survivor regions: 0->7(7)
[2026-03-12T09:35:40.629+0000][gc,heap     ] GC(0) Old regions: 0->1
[2026-03-12T09:35:40.629+0000][gc,heap     ] GC(0) Archive regions: 2->2
[2026-03-12T09:35:40.629+0000][gc,heap     ] GC(0) Humongous regions: 0->0
[2026-03-12T09:35:40.629+0000][gc,metaspace] GC(0) Metaspace: 18010K(18240K)->18010K(18240K) NonClass: 15895K(16000K)->15895K(16000K) Class: 2115K(2240K)->2115K(2240K)
[2026-03-12T09:35:40.629+0000][gc          ] GC(0) Pause Young (Normal) (G1 Evacuation Pause) 51M->8M(1024M) 10.761ms
[2026-03-12T09:35:40.629+0000][gc,cpu      ] GC(0) User=0.03s Sys=0.04s Real=0.01s
[2026-03-12T09:35:41.259+0000][gc,start    ] GC(1) Pause Young (Concurrent Start) (Metadata GC Threshold)
[2026-03-12T09:35:41.259+0000][gc,task     ] GC(1) Using 13 workers of 13 for evacuation
[2026-03-12T09:35:41.269+0000][gc,phases   ] GC(1)   Pre Evacuate Collection Set: 0.46ms
[2026-03-12T09:35:41.269+0000][gc,phases   ] GC(1)   Merge Heap Roots: 0.23ms
[2026-03-12T09:35:41.269+0000][gc,phases   ] GC(1)   Evacuate Collection Set: 8.09ms
[2026-03-12T09:35:41.269+0000][gc,phases   ] GC(1)   Post Evacuate Collection Set: 1.34ms
[2026-03-12T09:35:41.269+0000][gc,phases   ] GC(1)   Other: 0.62ms
[2026-03-12T09:35:41.269+0000][gc,heap     ] GC(1) Eden regions: 14->0(49)
[2026-03-12T09:35:41.269+0000][gc,heap     ] GC(1) Survivor regions: 7->2(7)
[2026-03-12T09:35:41.269+0000][gc,heap     ] GC(1) Old regions: 1->8
[2026-03-12T09:35:41.269+0000][gc,heap     ] GC(1) Archive regions: 2->2
[2026-03-12T09:35:41.269+0000][gc,heap     ] GC(1) Humongous regions: 129->129
[2026-03-12T09:35:41.269+0000][gc,metaspace] GC(1) Metaspace: 21331K(21504K)->21331K(21504K) NonClass: 18789K(18880K)->18789K(18880K) Class: 2541K(2624K)->2541K(2624K)
[2026-03-12T09:35:41.270+0000][gc          ] GC(1) Pause Young (Concurrent Start) (Metadata GC Threshold) 151M->138M(1024M) 10.880ms
[2026-03-12T09:35:41.270+0000][gc,cpu      ] GC(1) User=0.03s Sys=0.08s Real=0.01s
[2026-03-12T09:35:41.270+0000][gc          ] GC(2) Concurrent Mark Cycle
[2026-03-12T09:35:41.270+0000][gc,marking  ] GC(2) Concurrent Clear Claimed Marks
[2026-03-12T09:35:41.270+0000][gc,marking  ] GC(2) Concurrent Clear Claimed Marks 0.063ms
[2026-03-12T09:35:41.270+0000][gc,marking  ] GC(2) Concurrent Scan Root Regions
[2026-03-12T09:35:41.273+0000][gc,marking  ] GC(2) Concurrent Scan Root Regions 3.135ms
[2026-03-12T09:35:41.273+0000][gc,marking  ] GC(2) Concurrent Mark
[2026-03-12T09:35:41.273+0000][gc,marking  ] GC(2) Concurrent Mark From Roots
[2026-03-12T09:35:41.273+0000][gc,task     ] GC(2) Using 3 workers of 3 for marking
[2026-03-12T09:35:41.275+0000][gc,marking  ] GC(2) Concurrent Mark From Roots 2.408ms
[2026-03-12T09:35:41.275+0000][gc,marking  ] GC(2) Concurrent Preclean
[2026-03-12T09:35:41.276+0000][gc,marking  ] GC(2) Concurrent Preclean 0.219ms
[2026-03-12T09:35:41.276+0000][gc,start    ] GC(2) Pause Remark
[2026-03-12T09:35:41.279+0000][gc          ] GC(2) Pause Remark 139M->139M(1024M) 3.272ms
[2026-03-12T09:35:41.279+0000][gc,cpu      ] GC(2) User=0.01s Sys=0.01s Real=0.00s
[2026-03-12T09:35:41.279+0000][gc,marking  ] GC(2) Concurrent Mark 6.468ms
[2026-03-12T09:35:41.279+0000][gc,marking  ] GC(2) Concurrent Rebuild Remembered Sets
[2026-03-12T09:35:41.281+0000][gc,marking  ] GC(2) Concurrent Rebuild Remembered Sets 1.809ms
[2026-03-12T09:35:41.282+0000][gc,start    ] GC(2) Pause Cleanup
[2026-03-12T09:35:41.282+0000][gc          ] GC(2) Pause Cleanup 139M->139M(1024M) 0.364ms
[2026-03-12T09:35:41.282+0000][gc,cpu      ] GC(2) User=0.00s Sys=0.00s Real=0.00s
[2026-03-12T09:35:41.282+0000][gc,marking  ] GC(2) Concurrent Cleanup for Next Mark
[2026-03-12T09:35:41.296+0000][gc,marking  ] GC(2) Concurrent Cleanup for Next Mark 13.695ms
[2026-03-12T09:35:41.296+0000][gc          ] GC(2) Concurrent Mark Cycle 26.191ms
[2026-03-12T09:35:42.141+0000][gc,start    ] GC(3) Pause Young (Normal) (G1 Evacuation Pause)
[2026-03-12T09:35:42.142+0000][gc,task     ] GC(3) Using 13 workers of 13 for evacuation
[2026-03-12T09:35:42.145+0000][gc,phases   ] GC(3)   Pre Evacuate Collection Set: 0.29ms
[2026-03-12T09:35:42.146+0000][gc,phases   ] GC(3)   Merge Heap Roots: 0.18ms
[2026-03-12T09:35:42.146+0000][gc,phases   ] GC(3)   Evacuate Collection Set: 2.47ms
[2026-03-12T09:35:42.146+0000][gc,phases   ] GC(3)   Post Evacuate Collection Set: 0.89ms
[2026-03-12T09:35:42.146+0000][gc,phases   ] GC(3)   Other: 0.20ms
[2026-03-12T09:35:42.146+0000][gc,heap     ] GC(3) Eden regions: 49->0(44)
[2026-03-12T09:35:42.146+0000][gc,heap     ] GC(3) Survivor regions: 2->7(7)
[2026-03-12T09:35:42.146+0000][gc,heap     ] GC(3) Old regions: 8->8
[2026-03-12T09:35:42.146+0000][gc,heap     ] GC(3) Archive regions: 2->2
[2026-03-12T09:35:42.146+0000][gc,heap     ] GC(3) Humongous regions: 129->129
[2026-03-12T09:35:42.146+0000][gc,metaspace] GC(3) Metaspace: 32414K(32576K)->32414K(32576K) NonClass: 28834K(28928K)->28834K(28928K) Class: 3579K(3648K)->3579K(3648K)
[2026-03-12T09:35:42.146+0000][gc          ] GC(3) Pause Young (Normal) (G1 Evacuation Pause) 187M->143M(1024M) 4.163ms
[2026-03-12T09:35:42.146+0000][gc,cpu      ] GC(3) User=0.03s Sys=0.00s Real=0.00s
[2026-03-12T09:36:29.711+0000][gc,start    ] GC(4) Pause Young (Concurrent Start) (Metadata GC Threshold)
[2026-03-12T09:36:29.711+0000][gc,task     ] GC(4) Using 13 workers of 13 for evacuation
[2026-03-12T09:36:29.721+0000][gc,phases   ] GC(4)   Pre Evacuate Collection Set: 0.54ms
[2026-03-12T09:36:29.721+0000][gc,phases   ] GC(4)   Merge Heap Roots: 0.27ms
[2026-03-12T09:36:29.721+0000][gc,phases   ] GC(4)   Evacuate Collection Set: 7.13ms
[2026-03-12T09:36:29.721+0000][gc,phases   ] GC(4)   Post Evacuate Collection Set: 1.63ms
[2026-03-12T09:36:29.721+0000][gc,phases   ] GC(4)   Other: 0.51ms
[2026-03-12T09:36:29.721+0000][gc,heap     ] GC(4) Eden regions: 17->0(49)
[2026-03-12T09:36:29.721+0000][gc,heap     ] GC(4) Survivor regions: 7->2(7)
[2026-03-12T09:36:29.721+0000][gc,heap     ] GC(4) Old regions: 8->14
[2026-03-12T09:36:29.721+0000][gc,heap     ] GC(4) Archive regions: 2->2
[2026-03-12T09:36:29.721+0000][gc,heap     ] GC(4) Humongous regions: 129->129
[2026-03-12T09:36:29.721+0000][gc,metaspace] GC(4) Metaspace: 35816K(36096K)->35816K(36096K) NonClass: 31649K(31808K)->31649K(31808K) Class: 4167K(4288K)->4167K(4288K)
[2026-03-12T09:36:29.721+0000][gc          ] GC(4) Pause Young (Concurrent Start) (Metadata GC Threshold) 160M->144M(1024M) 10.247ms
[2026-03-12T09:36:29.721+0000][gc,cpu      ] GC(4) User=0.07s Sys=0.02s Real=0.01s
[2026-03-12T09:36:29.721+0000][gc          ] GC(5) Concurrent Mark Cycle
[2026-03-12T09:36:29.721+0000][gc,marking  ] GC(5) Concurrent Clear Claimed Marks
[2026-03-12T09:36:29.721+0000][gc,marking  ] GC(5) Concurrent Clear Claimed Marks 0.044ms
[2026-03-12T09:36:29.721+0000][gc,marking  ] GC(5) Concurrent Scan Root Regions
[2026-03-12T09:36:29.724+0000][gc,marking  ] GC(5) Concurrent Scan Root Regions 2.377ms
[2026-03-12T09:36:29.724+0000][gc,marking  ] GC(5) Concurrent Mark
[2026-03-12T09:36:29.724+0000][gc,marking  ] GC(5) Concurrent Mark From Roots
[2026-03-12T09:36:29.724+0000][gc,task     ] GC(5) Using 3 workers of 3 for marking
[2026-03-12T09:36:29.729+0000][gc,marking  ] GC(5) Concurrent Mark From Roots 5.715ms
[2026-03-12T09:36:29.730+0000][gc,marking  ] GC(5) Concurrent Preclean
[2026-03-12T09:36:29.730+0000][gc,marking  ] GC(5) Concurrent Preclean 0.374ms
[2026-03-12T09:36:29.730+0000][gc,start    ] GC(5) Pause Remark
[2026-03-12T09:36:29.733+0000][gc          ] GC(5) Pause Remark 145M->145M(1024M) 2.762ms
[2026-03-12T09:36:29.733+0000][gc,cpu      ] GC(5) User=0.02s Sys=0.01s Real=0.00s
[2026-03-12T09:36:29.733+0000][gc,marking  ] GC(5) Concurrent Mark 9.321ms
[2026-03-12T09:36:29.733+0000][gc,marking  ] GC(5) Concurrent Rebuild Remembered Sets
[2026-03-12T09:36:29.737+0000][gc,marking  ] GC(5) Concurrent Rebuild Remembered Sets 4.035ms
[2026-03-12T09:36:29.737+0000][gc,start    ] GC(5) Pause Cleanup
[2026-03-12T09:36:29.738+0000][gc          ] GC(5) Pause Cleanup 145M->145M(1024M) 0.619ms
[2026-03-12T09:36:29.738+0000][gc,cpu      ] GC(5) User=0.00s Sys=0.00s Real=0.00s
[2026-03-12T09:36:29.738+0000][gc,marking  ] GC(5) Concurrent Cleanup for Next Mark
[2026-03-12T09:36:29.750+0000][gc,marking  ] GC(5) Concurrent Cleanup for Next Mark 11.448ms
[2026-03-12T09:36:29.750+0000][gc          ] GC(5) Concurrent Mark Cycle 28.681ms
[2026-03-12T09:37:42.327+0000][gc,heap,exit] Heap
[2026-03-12T09:37:42.327+0000][gc,heap,exit]  garbage-first heap   total 1048576K, used 170796K [0x00000000c0000000, 0x0000000100000000)
[2026-03-12T09:37:42.327+0000][gc,heap,exit]   region size 1024K, 25 young (25600K), 2 survivors (2048K)
[2026-03-12T09:37:42.327+0000][gc,heap,exit]  Metaspace       used 38854K, committed 39296K, reserved 1114112K
[2026-03-12T09:37:42.327+0000][gc,heap,exit]   class space    used 4729K, committed 4928K, reserved 1048576K
