[2026-03-09T20:42:14.394+0000][gc] Using G1
[2026-03-09T20:42:14.416+0000][gc,init] Version: 17.0.18+8-Ubuntu-124.04.1 (release)
[2026-03-09T20:42:14.417+0000][gc,init] CPUs: 16 total, 16 available
[2026-03-09T20:42:14.417+0000][gc,init] Memory: 7578M
[2026-03-09T20:42:14.417+0000][gc,init] Large Page Support: Disabled
[2026-03-09T20:42:14.417+0000][gc,init] NUMA Support: Disabled
[2026-03-09T20:42:14.417+0000][gc,init] Compressed Oops: Enabled (32-bit)
[2026-03-09T20:42:14.417+0000][gc,init] Heap Region Size: 1M
[2026-03-09T20:42:14.417+0000][gc,init] Heap Min Capacity: 1G
[2026-03-09T20:42:14.417+0000][gc,init] Heap Initial Capacity: 1G
[2026-03-09T20:42:14.417+0000][gc,init] Heap Max Capacity: 1G
[2026-03-09T20:42:14.417+0000][gc,init] Pre-touch: Disabled
[2026-03-09T20:42:14.417+0000][gc,init] Parallel Workers: 13
[2026-03-09T20:42:14.417+0000][gc,init] Concurrent Workers: 3
[2026-03-09T20:42:14.417+0000][gc,init] Concurrent Refinement Workers: 13
[2026-03-09T20:42:14.417+0000][gc,init] Periodic GC: Disabled
[2026-03-09T20:42:14.431+0000][gc,metaspace] CDS archive(s) mapped at: [0x00006fff07000000-0x00006fff07bca000-0x00006fff07bca000), size 12361728, SharedBaseAddress: 0x00006fff07000000, ArchiveRelocationMode: 1.
[2026-03-09T20:42:14.431+0000][gc,metaspace] Compressed class space mapped at: 0x00006fff08000000-0x00006fff48000000, reserved size: 1073741824
[2026-03-09T20:42:14.431+0000][gc,metaspace] Narrow klass base: 0x00006fff07000000, Narrow klass shift: 0, Narrow klass range: 0x100000000
[2026-03-09T20:42:34.704+0000][gc,heap,exit] Heap
[2026-03-09T20:42:34.704+0000][gc,heap,exit]  garbage-first heap   total 1048576K, used 44468K [0x00000000c0000000, 0x0000000100000000)
[2026-03-09T20:42:34.705+0000][gc,heap,exit]   region size 1024K, 43 young (44032K), 0 survivors (0K)
[2026-03-09T20:42:34.705+0000][gc,heap,exit]  Metaspace       used 14775K, committed 14976K, reserved 1114112K
[2026-03-09T20:42:34.705+0000][gc,heap,exit]   class space    used 1767K, committed 1856K, reserved 1048576K
